// Jest Snapshot v1, https://goo.gl/fbAQLP

exports[`BookItem should match to snapshot with success response data 1`] = `
<div>
  <button
    class="MuiButtonBase-root MuiIconButton-root MuiIconButton-sizeMedium css-1yd0tbh-MuiButtonBase-root-MuiIconButton-root"
    tabindex="0"
    type="button"
  >
    <svg
      aria-hidden="true"
      class="MuiSvgIcon-root MuiSvgIcon-fontSizeMedium css-97560v-MuiSvgIcon-root"
      data-testid="ArrowBackIcon"
      focusable="false"
      viewBox="0 0 24 24"
    >
      <path
        d="M20 11H7.83l5.59-5.59L12 4l-8 8 8 8 1.41-1.41L7.83 13H20v-2z"
      />
    </svg>
    <span>
      Back
    </span>
  </button>
  <div
    class="MuiBox-root css-gid8lu"
  >
    <h1
      class="MuiTypography-root MuiTypography-h4 css-ri2m7k-MuiTypography-root"
      data-testid="book-title"
    >
      1
    </h1>
    <p
      class="MuiTypography-root MuiTypography-subtitle1 css-118o8hd-MuiTypography-root"
    >
      Jul 25, 2022
    </p>
    <p
      class="MuiTypography-root MuiTypography-body1 css-1uwgr7b-MuiTypography-root"
    >
      1
       pages
    </p>
    <p
      class="MuiTypography-root MuiTypography-body1 css-1uwgr7b-MuiTypography-root"
    >
      1
    </p>
    <p
      class="MuiTypography-root MuiTypography-body1 css-1uwgr7b-MuiTypography-root"
    >
      1
    </p>
  </div>
</div>
`;
